\BOOKMARK [1][-]{section.1}{\376\377\000S\000u\000m\000m\000a\000r\000y\000\040\000o\000f\000\040\000r\000e\000s\000u\000l\000t\000s}{}% 1
\BOOKMARK [1][-]{section.2}{\376\377\000D\000a\000t\000a}{}% 2
\BOOKMARK [2][-]{subsection.2.1}{\376\377\000S\000o\000u\000r\000c\000e\000s}{section.2}% 3
\BOOKMARK [2][-]{subsection.2.2}{\376\377\000L\000i\000n\000k\000a\000g\000e}{section.2}% 4
\BOOKMARK [2][-]{subsection.2.3}{\376\377\000C\000o\000v\000e\000r\000a\000g\000e\000,\000\040\000a\000n\000d\000\040\000w\000h\000y\000\040\000i\000t\000s\000\040\000l\000i\000m\000i\000t\000s\000\040\000a\000r\000e\000\040\000p\000e\000r\000m\000a\000n\000e\000n\000t}{section.2}% 5
\BOOKMARK [1][-]{section.3}{\376\377\000C\000l\000a\000s\000s\000i\000f\000i\000c\000a\000t\000i\000o\000n}{}% 6
\BOOKMARK [2][-]{subsection.3.1}{\376\377\000T\000h\000e\000\040\000t\000h\000r\000e\000e\000\040\000m\000o\000d\000e\000l\000s}{section.3}% 7
\BOOKMARK [3][-]{subsubsection.3.1.1}{\376\377\000F\0001\000\040\000s\000c\000o\000r\000e}{subsection.3.1}% 8
\BOOKMARK [2][-]{subsection.3.2}{\376\377\000T\000w\000e\000l\000v\000e\000\040\000c\000r\000o\000p\000s\000:\000\040\000n\000o\000t\000\040\000s\000e\000p\000a\000r\000a\000b\000l\000e}{section.3}% 9
\BOOKMARK [2][-]{subsection.3.3}{\376\377\000T\000h\000r\000e\000e\000\040\000l\000a\000n\000d\000\040\000s\000t\000a\000t\000e\000s\000:\000\040\000s\000e\000p\000a\000r\000a\000b\000l\000e}{section.3}% 10
\BOOKMARK [2][-]{subsection.3.4}{\376\377\000N\000a\000t\000i\000o\000n\000a\000l\000\040\000e\000x\000t\000e\000n\000s\000i\000o\000n}{section.3}% 11
\BOOKMARK [1][-]{section.4}{\376\377\000E\000v\000a\000l\000u\000a\000t\000i\000o\000n}{}% 12
\BOOKMARK [2][-]{subsection.4.1}{\376\377\000F\000o\000u\000r\000\040\000t\000e\000s\000t\000s\000\040\000r\000a\000t\000h\000e\000r\000\040\000t\000h\000a\000n\000\040\000o\000n\000e}{section.4}% 13
\BOOKMARK [2][-]{subsection.4.2}{\376\377\000L\000a\000t\000i\000t\000u\000d\000e\000\040\000r\000e\000s\000e\000m\000b\000l\000e\000s\000\040\000i\000n\000f\000o\000r\000m\000a\000t\000i\000o\000n\000\040\000a\000n\000d\000\040\000i\000s\000\040\000n\000o\000t}{section.4}% 14
\BOOKMARK [2][-]{subsection.4.3}{\376\377\000T\000h\000e\000\040\000s\000a\000m\000e\000\040\000p\000a\000t\000t\000e\000r\000n\000\040\000i\000n\000\040\000a\000\040\000m\000o\000d\000e\000l\000\040\000a\000r\000c\000h\000i\000t\000e\000c\000t\000u\000r\000e}{section.4}% 15
\BOOKMARK [2][-]{subsection.4.4}{\376\377\000A\000\040\000t\000r\000a\000p\000\040\000i\000n\000\040\000t\000h\000e\000\040\000h\000e\000a\000d\000l\000i\000n\000e\000\040\000m\000e\000t\000r\000i\000c}{section.4}% 16
\BOOKMARK [1][-]{section.5}{\376\377\000W\000h\000y\000\040\000a\000\040\000y\000e\000a\000r\000-\000b\000y\000-\000y\000e\000a\000r\000\040\000h\000i\000s\000t\000o\000r\000y\000\040\000i\000s\000\040\000n\000o\000t\000\040\000a\000v\000a\000i\000l\000a\000b\000l\000e}{}% 17
\BOOKMARK [2][-]{subsection.5.1}{\376\377\000P\000r\000e\000d\000i\000c\000t\000e\000d\000\040\000h\000i\000s\000t\000o\000r\000i\000e\000s\000\040\000a\000r\000e\000\040\000d\000o\000m\000i\000n\000a\000t\000e\000d\000\040\000b\000y\000\040\000n\000o\000i\000s\000e}{section.5}% 18
\BOOKMARK [2][-]{subsection.5.2}{\376\377\000T\000h\000e\000\040\0001\0009\0009\0008\000\040\000E\000l\000\040\000N\000i\000\361\000o\000\040\000m\000a\000k\000e\000s\000\040\000t\000h\000e\000\040\000b\000a\000s\000e\000l\000i\000n\000e\000\040\000y\000e\000a\000r\000s\000\040\000u\000n\000u\000s\000a\000b\000l\000e}{section.5}% 19
\BOOKMARK [2][-]{subsection.5.3}{\376\377\000A\000g\000g\000r\000e\000g\000a\000t\000i\000o\000n\000\040\000a\000n\000d\000\040\000c\000o\000r\000r\000e\000c\000t\000i\000o\000n\000\040\000d\000o\000\040\000n\000o\000t\000\040\000r\000e\000p\000a\000i\000r\000\040\000i\000t}{section.5}% 20
\BOOKMARK [1][-]{section.6}{\376\377\000D\000i\000r\000e\000c\000t\000\040\000m\000e\000a\000s\000u\000r\000e\000m\000e\000n\000t\000\040\000o\000f\000\040\000t\000h\000e\000\040\000c\000h\000a\000n\000g\000e}{}% 21
\BOOKMARK [2][-]{subsection.6.1}{\376\377\000P\000h\000o\000t\000o\000-\000i\000n\000t\000e\000r\000p\000r\000e\000t\000a\000t\000i\000o\000n\000\040\000o\000f\000\040\000r\000e\000c\000e\000n\000t\000\040\000i\000m\000a\000g\000e\000r\000y}{section.6}% 22
\BOOKMARK [2][-]{subsection.6.2}{\376\377\000W\000h\000a\000t\000\040\000t\000h\000e\000\040\000l\000a\000b\000e\000l\000s\000\040\000s\000h\000o\000w\000\040\000w\000i\000t\000h\000o\000u\000t\000\040\000a\000\040\000c\000l\000a\000s\000s\000i\000f\000i\000e\000r}{section.6}% 23
\BOOKMARK [2][-]{subsection.6.3}{\376\377\000T\000h\000e\000\040\0002\0000\0001\0002\000\040\000c\000e\000n\000s\000u\000s\000\040\000a\000s\000\040\000t\000h\000e\000\040\000e\000a\000r\000l\000i\000e\000r\000\040\000o\000b\000s\000e\000r\000v\000a\000t\000i\000o\000n}{section.6}% 24
\BOOKMARK [2][-]{subsection.6.4}{\376\377\000T\000h\000e\000\040\000t\000h\000r\000e\000e\000\040\000m\000e\000a\000s\000u\000r\000e\000m\000e\000n\000t\000s\000\040\000t\000o\000g\000e\000t\000h\000e\000r}{section.6}% 25
\BOOKMARK [1][-]{section.7}{\376\377\000T\000h\000e\000\040\000e\000f\000f\000e\000c\000t\000\040\000o\000f\000\040\000l\000e\000g\000a\000l\000\040\000t\000i\000t\000l\000e}{}% 26
\BOOKMARK [2][-]{subsection.7.1}{\376\377\000D\000e\000s\000i\000g\000n}{section.7}% 27
\BOOKMARK [2][-]{subsection.7.2}{\376\377\000R\000e\000s\000u\000l\000t\000:\000\040\000a\000\040\000t\000i\000g\000h\000t\000\040\000n\000u\000l\000l}{section.7}% 28
\BOOKMARK [2][-]{subsection.7.3}{\376\377\000T\000h\000e\000\040\000c\000e\000n\000s\000u\000s\000\040\000r\000e\000a\000c\000h\000e\000s\000\040\000t\000h\000e\000\040\000s\000a\000m\000e\000\040\000c\000o\000n\000c\000l\000u\000s\000i\000o\000n\000\040\000i\000n\000d\000e\000p\000e\000n\000d\000e\000n\000t\000l\000y}{section.7}% 29
\BOOKMARK [2][-]{subsection.7.4}{\376\377\000W\000h\000a\000t\000\040\000w\000o\000u\000l\000d\000\040\000c\000h\000a\000n\000g\000e\000\040\000t\000h\000i\000s\000\040\000a\000n\000s\000w\000e\000r}{section.7}% 30
\BOOKMARK [1][-]{section.8}{\376\377\000C\000l\000i\000m\000a\000t\000e\000\040\000c\000o\000v\000a\000r\000i\000a\000t\000e\000s}{}% 31
\BOOKMARK [1][-]{section.9}{\376\377\000L\000i\000m\000i\000t\000a\000t\000i\000o\000n\000s}{}% 32
\BOOKMARK [1][-]{section.10}{\376\377\000C\000o\000n\000c\000l\000u\000s\000i\000o\000n\000s}{}% 33
\BOOKMARK [1][-]{appendix.A}{\376\377\000W\000o\000r\000k\000\040\000b\000u\000i\000l\000t\000,\000\040\000t\000e\000s\000t\000e\000d\000\040\000a\000n\000d\000\040\000d\000e\000l\000i\000b\000e\000r\000a\000t\000e\000l\000y\000\040\000u\000n\000r\000u\000n}{}% 34
\BOOKMARK [1][-]{appendix.B}{\376\377\000S\000o\000f\000t\000w\000a\000r\000e}{}% 35
